.\venv\Scripts\python.exe : 2026-09-02 11:01:31,553 7184 INFO ? odoo: Odoo version 18.0 
En línea: 1 Carácter: 541
+ ... $env:Path"; .\venv\Scripts\python.exe .\odoo\odoo-bin -c odoo.conf -d ...
+                 ~~~~~~~~~~~~~~~~~~~~~~~~~~~~~~~~~~~~~~~~~~~~~~~~~~~~~~~~~
    + CategoryInfo          : NotSpecified: (2026-09-02 11:0...o version 18.0 :String) [], RemoteException
    + FullyQualifiedErrorId : NativeCommandError
 
2026-09-02 11:01:31,553 7184 INFO ? odoo: Using configuration file at C:\Users\Usuario\Desktop\EntreRamblas\odoo.conf 
2026-09-02 11:01:31,553 7184 INFO ? odoo: addons paths: 
['C:\\Users\\Usuario\\Desktop\\EntreRamblas\\odoo\\odoo\\addons', 
'c:\\users\\usuario\\desktop\\entreramblas\\.odoo_data\\addons\\18.0', 
'c:\\users\\usuario\\desktop\\entreramblas\\odoo\\addons', 'c:\\users\\usuario\\desktop\\entreramblas\\custom_addons', 
'c:\\users\\usuario\\desktop\\entreramblas\\custom_addons\\stock-logistics-barcode', 
'c:\\users\\usuario\\desktop\\entreramblas\\odoo\\odoo\\addons'] 
2026-09-02 11:01:31,553 7184 INFO ? odoo: database: odoo@localhost:5432 
2026-09-02 11:01:31,681 7184 INFO ? odoo.addons.base.models.ir_actions_report: Will use the Wkhtmltopdf binary at 
C:\Program Files\wkhtmltopdf\bin\wkhtmltopdf.exe 
2026-09-02 11:01:31,697 7184 INFO ? odoo.addons.base.models.ir_actions_report: Will use the Wkhtmltoimage binary at 
C:\Program Files\wkhtmltopdf\bin\wkhtmltoimage.exe 
2026-09-02 11:01:31,898 7184 INFO mi_base_stock odoo.modules.loading: loading 1 modules... 
2026-09-02 11:01:31,898 7184 INFO mi_base_stock odoo.modules.loading: 1 modules loaded in 0.00s, 0 queries (+0 extra) 
2026-09-02 11:01:31,915 7184 INFO mi_base_stock odoo.modules.loading: updating modules list 
2026-09-02 11:01:31,918 7184 INFO mi_base_stock odoo.addons.base.models.ir_module: ALLOW access to module.update_list 
on [] to user __system__ #1 via n/a 
2026-09-02 11:01:32,652 7184 INFO mi_base_stock odoo.addons.base.models.ir_module: ALLOW access to 
module.button_install on ['Point of Sale', 'Spain - Accounting (PGCE 2008)'] to user __system__ #1 via n/a 
2026-09-02 11:01:32,705 7184 INFO mi_base_stock odoo.modules.loading: loading 37 modules... 
2026-09-02 11:01:33,107 7184 INFO mi_base_stock odoo.modules.loading: 37 modules loaded in 0.40s, 0 queries (+0 extra) 
2026-09-02 11:01:33,107 7184 INFO mi_base_stock odoo.modules.loading: loading 61 modules... 
2026-09-02 11:01:33,107 7184 INFO mi_base_stock odoo.modules.loading: Loading module onboarding (11/61) 
2026-09-02 11:01:33,166 7184 INFO mi_base_stock odoo.modules.registry: module onboarding: creating or updating 
database tables 
2026-09-02 11:01:33,299 7184 INFO mi_base_stock odoo.modules.loading: loading 
onboarding/views/onboarding_templates.xml 
2026-09-02 11:01:33,299 7184 INFO mi_base_stock odoo.modules.loading: loading onboarding/views/onboarding_views.xml 
2026-09-02 11:01:33,331 7184 INFO mi_base_stock odoo.modules.loading: loading onboarding/views/onboarding_menus.xml 
2026-09-02 11:01:33,331 7184 INFO mi_base_stock odoo.modules.loading: loading onboarding/security/ir.model.access.csv 
2026-09-02 11:01:33,356 7184 INFO mi_base_stock odoo.modules.loading: Module onboarding loaded in 0.25s, 225 queries 
(+225 other) 
2026-09-02 11:01:33,356 7184 INFO mi_base_stock odoo.modules.loading: Loading module certificate (15/61) 
2026-09-02 11:01:33,400 7184 INFO mi_base_stock odoo.modules.registry: module certificate: creating or updating 
database tables 
2026-09-02 11:01:33,456 7184 INFO mi_base_stock odoo.modules.loading: loading certificate/security/ir.model.access.csv 
2026-09-02 11:01:33,466 7184 INFO mi_base_stock odoo.modules.loading: loading 
certificate/security/certificate_security.xml 
2026-09-02 11:01:33,466 7184 INFO mi_base_stock odoo.modules.loading: loading certificate/views/certificate_views.xml 
2026-09-02 11:01:33,483 7184 INFO mi_base_stock odoo.modules.loading: loading certificate/views/key_views.xml 
2026-09-02 11:01:33,500 7184 INFO mi_base_stock odoo.modules.loading: loading certificate/views/action_menus.xml 
2026-09-02 11:01:33,500 7184 INFO mi_base_stock odoo.modules.loading: loading 
certificate/views/res_config_settings_view.xml 
2026-09-02 11:01:33,517 7184 INFO mi_base_stock odoo.modules.loading: Module certificate loaded in 0.16s, 165 queries 
(+165 other) 
2026-09-02 11:01:33,517 7184 INFO mi_base_stock odoo.modules.loading: Loading module analytic (20/61) 
2026-09-02 11:01:33,587 7184 INFO mi_base_stock odoo.modules.registry: module analytic: creating or updating database 
tables 
2026-09-02 11:01:33,755 7184 INFO mi_base_stock odoo.modules.loading: loading analytic/security/analytic_security.xml 
2026-09-02 11:01:33,781 7184 INFO mi_base_stock odoo.modules.loading: loading analytic/security/ir.model.access.csv 
2026-09-02 11:01:33,792 7184 INFO mi_base_stock odoo.modules.loading: loading analytic/views/analytic_line_views.xml 
2026-09-02 11:01:33,817 7184 INFO mi_base_stock odoo.modules.loading: loading 
analytic/views/analytic_account_views.xml 
2026-09-02 11:01:33,832 7184 INFO mi_base_stock odoo.modules.loading: loading analytic/views/analytic_plan_views.xml 
2026-09-02 11:01:33,843 7184 INFO mi_base_stock odoo.modules.loading: loading 
analytic/views/analytic_distribution_model_views.xml 
2026-09-02 11:01:33,850 7184 INFO mi_base_stock odoo.modules.loading: loading analytic/data/analytic_data.xml 
2026-09-02 11:01:33,916 7184 INFO mi_base_stock odoo.modules.loading: Module analytic loaded in 0.40s, 438 queries 
(+438 other) 
2026-09-02 11:01:33,916 7184 INFO mi_base_stock odoo.modules.loading: Loading module payment (38/61) 
2026-09-02 11:01:34,036 7184 INFO mi_base_stock odoo.modules.registry: module payment: creating or updating database 
tables 
2026-09-02 11:01:34,357 7184 INFO mi_base_stock odoo.modules.loading: loading payment/data/ir_actions_server_data.xml 
2026-09-02 11:01:34,357 7184 INFO mi_base_stock odoo.modules.loading: loading payment/data/onboarding_data.xml 
2026-09-02 11:01:34,357 7184 INFO mi_base_stock odoo.modules.loading: loading payment/data/payment_method_data.xml 
2026-09-02 11:01:35,754 7184 INFO mi_base_stock odoo.modules.loading: loading payment/data/payment_provider_data.xml 
2026-09-02 11:01:35,869 7184 INFO mi_base_stock odoo.modules.loading: loading payment/data/payment_cron.xml 
2026-09-02 11:01:35,875 7184 INFO mi_base_stock odoo.modules.loading: loading 
payment/views/express_checkout_templates.xml 
2026-09-02 11:01:35,880 7184 INFO mi_base_stock odoo.modules.loading: loading payment/views/payment_form_templates.xml 
2026-09-02 11:01:35,901 7184 INFO mi_base_stock odoo.modules.loading: loading payment/views/portal_templates.xml 
2026-09-02 11:01:35,922 7184 INFO mi_base_stock odoo.modules.loading: loading payment/views/payment_provider_views.xml 
2026-09-02 11:01:35,938 7184 INFO mi_base_stock odoo.modules.loading: loading payment/views/payment_method_views.xml 
2026-09-02 11:01:35,951 7184 INFO mi_base_stock odoo.modules.loading: loading 
payment/views/payment_transaction_views.xml 
2026-09-02 11:01:35,966 7184 INFO mi_base_stock odoo.modules.loading: loading payment/views/payment_token_views.xml 
2026-09-02 11:01:35,976 7184 INFO mi_base_stock odoo.modules.loading: loading payment/views/res_partner_views.xml 
2026-09-02 11:01:35,986 7184 INFO mi_base_stock odoo.modules.loading: loading payment/security/ir.model.access.csv 
2026-09-02 11:01:36,587 7184 INFO mi_base_stock odoo.modules.loading: loading payment/security/payment_security.xml 
2026-09-02 11:01:36,608 7184 INFO mi_base_stock odoo.modules.loading: loading 
payment/wizards/payment_capture_wizard_views.xml 
2026-09-02 11:01:36,608 7184 INFO mi_base_stock odoo.modules.loading: loading 
payment/wizards/payment_link_wizard_views.xml 
2026-09-02 11:01:36,608 7184 INFO mi_base_stock odoo.modules.loading: loading 
payment/wizards/payment_onboarding_views.xml 
2026-09-02 11:01:36,637 7184 INFO mi_base_stock odoo.modules.loading: Module payment loaded in 2.72s, 2402 queries 
(+2402 other) 
2026-09-02 11:01:36,637 7184 INFO mi_base_stock odoo.modules.loading: Loading module spreadsheet (39/61) 
2026-09-02 11:01:36,729 7184 INFO mi_base_stock odoo.modules.registry: module spreadsheet: creating or updating 
database tables 
2026-09-02 11:01:36,773 7184 INFO mi_base_stock odoo.modules.loading: loading 
spreadsheet/views/public_readonly_spreadsheet_templates.xml 
2026-09-02 11:01:36,783 7184 INFO mi_base_stock odoo.modules.loading: Module spreadsheet loaded in 0.15s, 86 queries 
(+86 other) 
2026-09-02 11:01:36,783 7184 INFO mi_base_stock odoo.modules.loading: Loading module account (40/61) 
2026-09-02 11:01:37,288 7184 INFO mi_base_stock odoo.modules.registry: module account: creating or updating database 
tables 
2026-09-02 11:01:37,433 7184 INFO mi_base_stock odoo.models: Prepare computation of 
res.company.account_fiscal_country_id 
2026-09-02 11:01:37,433 7184 INFO mi_base_stock odoo.models: Prepare computation of res.company.invoice_terms_html 
2026-09-02 11:01:39,155 7184 INFO mi_base_stock odoo.modules.loading: loading account/security/account_security.xml 
2026-09-02 11:01:39,397 7184 INFO mi_base_stock odoo.modules.loading: loading account/security/ir.model.access.csv 
2026-09-02 11:01:39,452 7184 INFO mi_base_stock odoo.modules.loading: loading account/data/account_data.xml 
2026-09-02 11:01:39,489 7184 INFO mi_base_stock odoo.modules.loading: loading account/data/digest_data.xml 
2026-09-02 11:01:39,489 7184 INFO mi_base_stock odoo.modules.loading: loading account/views/account_report.xml 
2026-09-02 11:01:39,514 7184 INFO mi_base_stock odoo.modules.loading: loading account/data/mail_template_data.xml 
2026-09-02 11:01:39,524 7184 INFO mi_base_stock odoo.modules.loading: loading account/data/onboarding_data.xml 
2026-09-02 11:01:39,555 7184 INFO mi_base_stock odoo.modules.loading: loading account/data/account_tour.xml 
2026-09-02 11:01:39,559 7184 INFO mi_base_stock odoo.modules.loading: loading account/data/ir_sequence.xml 
2026-09-02 11:01:39,563 7184 INFO mi_base_stock odoo.modules.loading: loading account/views/account_payment_view.xml 
2026-09-02 11:01:39,589 7184 INFO mi_base_stock odoo.modules.loading: loading 
account/wizard/account_automatic_entry_wizard_views.xml 
2026-09-02 11:01:39,607 7184 INFO mi_base_stock odoo.modules.loading: loading 
account/wizard/account_autopost_bills_wizard.xml 
2026-09-02 11:01:39,611 7184 INFO mi_base_stock odoo.modules.loading: loading 
account/wizard/account_unreconcile_view.xml 
2026-09-02 11:01:39,611 7184 INFO mi_base_stock odoo.modules.loading: loading 
account/wizard/account_move_reversal_view.xml 
2026-09-02 11:01:39,623 7184 INFO mi_base_stock odoo.modules.loading: loading 
account/wizard/account_resequence_views.xml 
2026-09-02 11:01:39,627 7184 INFO mi_base_stock odoo.modules.loading: loading 
account/wizard/account_payment_register_views.xml 
2026-09-02 11:01:39,640 7184 INFO mi_base_stock odoo.modules.loading: loading account/views/account_move_views.xml 
2026-09-02 11:01:39,913 7184 INFO mi_base_stock odoo.modules.loading: loading account/wizard/setup_wizards_view.xml 
2026-09-02 11:01:39,926 7184 INFO mi_base_stock odoo.modules.loading: loading account/views/account_account_views.xml 
2026-09-02 11:01:39,945 7184 INFO mi_base_stock odoo.modules.loading: loading account/views/account_group_views.xml 
2026-09-02 11:01:39,954 7184 INFO mi_base_stock odoo.modules.loading: loading account/views/account_journal_views.xml 
2026-09-02 11:01:39,977 7184 INFO mi_base_stock odoo.modules.loading: loading 
account/views/account_account_tag_views.xml 
2026-09-02 11:01:39,990 7184 INFO mi_base_stock odoo.modules.loading: loading 
account/views/account_bank_statement_views.xml 
2026-09-02 11:01:40,008 7184 INFO mi_base_stock odoo.modules.loading: loading 
account/views/account_reconcile_model_views.xml 
2026-09-02 11:01:40,029 7184 INFO mi_base_stock odoo.modules.loading: loading account/views/account_tax_views.xml 
2026-09-02 11:01:40,061 7184 INFO mi_base_stock odoo.modules.loading: loading 
account/views/account_full_reconcile_views.xml 
2026-09-02 11:01:40,066 7184 INFO mi_base_stock odoo.modules.loading: loading 
account/views/account_payment_term_views.xml 
2026-09-02 11:01:40,081 7184 INFO mi_base_stock odoo.modules.loading: loading account/views/account_payment_method.xml 
2026-09-02 11:01:40,087 7184 INFO mi_base_stock odoo.modules.loading: loading account/views/res_partner_bank_views.xml 
2026-09-02 11:01:40,101 7184 INFO mi_base_stock odoo.modules.loading: loading account/views/report_statement.xml 
2026-09-02 11:01:40,109 7184 INFO mi_base_stock odoo.modules.loading: loading account/views/terms_template.xml 
2026-09-02 11:01:40,109 7184 INFO mi_base_stock odoo.modules.loading: loading 
account/wizard/account_validate_move_view.xml 
2026-09-02 11:01:40,124 7184 INFO mi_base_stock odoo.modules.loading: loading account/views/res_company_views.xml 
2026-09-02 11:01:40,137 7184 INFO mi_base_stock odoo.modules.loading: loading account/views/product_view.xml 
2026-09-02 11:01:40,155 7184 INFO mi_base_stock odoo.modules.loading: loading 
account/views/account_analytic_plan_views.xml 
2026-09-02 11:01:40,158 7184 INFO mi_base_stock odoo.modules.loading: loading 
account/views/account_analytic_account_views.xml 
2026-09-02 11:01:40,166 7184 INFO mi_base_stock odoo.modules.loading: loading 
account/views/account_analytic_distribution_model_views.xml 
2026-09-02 11:01:40,179 7184 INFO mi_base_stock odoo.modules.loading: loading 
account/views/account_analytic_line_views.xml 
2026-09-02 11:01:40,195 7184 INFO mi_base_stock odoo.modules.loading: loading account/views/report_invoice.xml 
2026-09-02 11:01:40,208 7184 INFO mi_base_stock odoo.modules.loading: loading 
account/report/account_invoice_report_view.xml 
2026-09-02 11:01:40,234 7184 INFO mi_base_stock odoo.modules.loading: loading 
account/views/account_cash_rounding_view.xml 
2026-09-02 11:01:40,242 7184 INFO mi_base_stock odoo.modules.loading: loading account/views/ir_actions_views.xml 
2026-09-02 11:01:40,242 7184 INFO mi_base_stock odoo.modules.loading: loading account/views/ir_module_views.xml 
2026-09-02 11:01:40,242 7184 INFO mi_base_stock odoo.modules.loading: loading 
account/views/base_document_layout_views.xml 
2026-09-02 11:01:40,259 7184 INFO mi_base_stock odoo.modules.loading: loading 
account/views/res_config_settings_views.xml 
2026-09-02 11:01:40,293 7184 INFO mi_base_stock odoo.modules.loading: loading account/views/partner_view.xml 
2026-09-02 11:01:40,340 7184 INFO mi_base_stock odoo.modules.loading: loading 
account/views/account_journal_dashboard_view.xml 
2026-09-02 11:01:40,351 7184 INFO mi_base_stock odoo.modules.loading: loading 
account/views/account_portal_templates.xml 
2026-09-02 11:01:40,375 7184 INFO mi_base_stock odoo.modules.loading: loading 
account/views/report_payment_receipt_templates.xml 
2026-09-02 11:01:40,381 7184 INFO mi_base_stock odoo.modules.loading: loading account/data/service_cron.xml 
2026-09-02 11:01:40,389 7184 INFO mi_base_stock odoo.modules.loading: loading account/views/account_incoterms_view.xml 
2026-09-02 11:01:40,398 7184 INFO mi_base_stock odoo.modules.loading: loading account/data/account_incoterms_data.xml 
2026-09-02 11:01:40,409 7184 INFO mi_base_stock odoo.modules.loading: loading account/views/digest_views.xml 
2026-09-02 11:01:40,409 7184 INFO mi_base_stock odoo.modules.loading: loading 
account/wizard/account_move_send_wizard.xml 
2026-09-02 11:01:40,409 7184 INFO mi_base_stock odoo.modules.loading: loading 
account/wizard/account_move_send_batch_wizard.xml 
2026-09-02 11:01:40,426 7184 INFO mi_base_stock odoo.modules.loading: loading 
account/report/account_hash_integrity_templates.xml 
2026-09-02 11:01:40,431 7184 INFO mi_base_stock odoo.modules.loading: loading account/views/res_currency.xml 
2026-09-02 11:01:40,438 7184 INFO mi_base_stock odoo.modules.loading: loading account/views/account_menuitem.xml 
2026-09-02 11:01:40,550 7184 INFO mi_base_stock odoo.modules.loading: loading 
account/wizard/account_secure_entries_wizard.xml 
2026-09-02 11:01:40,559 7184 INFO mi_base_stock odoo.modules.loading: loading account/views/mail_message_views.xml 
2026-09-02 11:01:40,568 7184 INFO mi_base_stock odoo.modules.loading: loading account/wizard/accrued_orders.xml 
2026-09-02 11:01:40,578 7184 INFO mi_base_stock odoo.modules.loading: loading account/views/bill_preview_template.xml 
2026-09-02 11:01:40,578 7184 INFO mi_base_stock odoo.modules.loading: loading account/data/account_reports_data.xml 
2026-09-02 11:01:40,592 7184 INFO mi_base_stock odoo.modules.loading: loading account/views/uom_uom_views.xml 
2026-09-02 11:01:40,592 7184 INFO mi_base_stock odoo.modules.loading: loading account/views/product_views.xml 
2026-09-02 11:01:40,610 7184 INFO mi_base_stock odoo.modules.loading: loading account/views/tests_shared_js_python.xml 
2026-09-02 11:01:40,612 7184 INFO mi_base_stock odoo.modules.loading: loading 
account/views/account_lock_exception_views.xml 
2026-09-02 11:01:40,617 7184 INFO mi_base_stock odoo.modules.loading: loading account/views/report_templates.xml 
2026-09-02 11:01:40,629 7184 INFO mi_base_stock odoo.modules.loading: loading 
account/wizard/account_merge_wizard_views.xml 
2026-09-02 11:01:40,637 7184 INFO mi_base_stock odoo.modules.loading: loading 
account/data/ir_config_parameter_data.xml 
2026-09-02 11:01:40,753 7184 INFO mi_base_stock odoo.modules.loading: Module account loaded in 3.97s, 5864 queries 
(+5864 other) 
2026-09-02 11:01:40,753 7184 INFO mi_base_stock odoo.modules.loading: Loading module spreadsheet_dashboard (41/61) 
2026-09-02 11:01:40,829 7184 INFO mi_base_stock odoo.modules.registry: module spreadsheet_dashboard: creating or 
updating database tables 
2026-09-02 11:01:40,937 7184 INFO mi_base_stock odoo.modules.loading: loading 
spreadsheet_dashboard/security/security.xml 
2026-09-02 11:01:40,995 7184 INFO mi_base_stock odoo.modules.loading: loading 
spreadsheet_dashboard/security/ir.model.access.csv 
2026-09-02 11:01:41,004 7184 INFO mi_base_stock odoo.modules.loading: loading 
spreadsheet_dashboard/views/spreadsheet_dashboard_views.xml 
2026-09-02 11:01:41,018 7184 INFO mi_base_stock odoo.modules.loading: loading 
spreadsheet_dashboard/views/menu_views.xml 
2026-09-02 11:01:41,039 7184 INFO mi_base_stock odoo.modules.loading: loading spreadsheet_dashboard/data/dashboard.xml 
2026-09-02 11:01:41,060 7184 INFO mi_base_stock odoo.modules.loading: Module spreadsheet_dashboard loaded in 0.31s, 
337 queries (+337 other) 
2026-09-02 11:01:41,060 7184 INFO mi_base_stock odoo.modules.loading: Loading module account_add_gln (43/61) 
2026-09-02 11:01:41,138 7184 INFO mi_base_stock odoo.modules.registry: module account_add_gln: creating or updating 
database tables 
2026-09-02 11:01:41,204 7184 INFO mi_base_stock odoo.modules.loading: loading 
account_add_gln/views/res_partner_views.xml 
2026-09-02 11:01:41,289 7184 INFO mi_base_stock odoo.modules.loading: Module account_add_gln loaded in 0.23s, 106 
queries (+106 other) 
2026-09-02 11:01:41,289 7184 INFO mi_base_stock odoo.modules.loading: Loading module account_edi_ubl_cii (44/61) 
2026-09-02 11:01:41,507 7184 INFO mi_base_stock odoo.modules.registry: module account_edi_ubl_cii: creating or 
updating database tables 
2026-09-02 11:01:41,517 7184 INFO mi_base_stock odoo.models: Prepare computation of res.partner.peppol_endpoint 
2026-09-02 11:01:41,517 7184 INFO mi_base_stock odoo.models: Prepare computation of res.partner.peppol_eas 
2026-09-02 11:01:41,650 7184 INFO mi_base_stock odoo.modules.loading: loading 
account_edi_ubl_cii/data/cii_22_templates.xml 
2026-09-02 11:01:41,665 7184 INFO mi_base_stock odoo.modules.loading: loading 
account_edi_ubl_cii/data/ubl_20_templates.xml 
2026-09-02 11:01:41,715 7184 INFO mi_base_stock odoo.modules.loading: loading 
account_edi_ubl_cii/data/ir_config_parameter_data.xml 
2026-09-02 11:01:41,718 7184 INFO mi_base_stock odoo.modules.loading: loading 
account_edi_ubl_cii/data/ubl_21_templates.xml 
2026-09-02 11:01:41,741 7184 INFO mi_base_stock odoo.modules.loading: loading 
account_edi_ubl_cii/views/account_move_views.xml 
2026-09-02 11:01:41,743 7184 INFO mi_base_stock odoo.modules.loading: loading 
account_edi_ubl_cii/views/res_partner_views.xml 
2026-09-02 11:01:41,762 7184 INFO mi_base_stock odoo.modules.loading: loading 
account_edi_ubl_cii/report/account_edi_ubl_cii_report_templates.xml 
2026-09-02 11:01:41,772 7184 INFO mi_base_stock odoo.modules.loading: Module account_edi_ubl_cii loaded in 0.48s, 451 
queries (+451 other) 
2026-09-02 11:01:41,772 7184 INFO mi_base_stock odoo.modules.loading: Loading module account_payment (45/61) 
2026-09-02 11:01:41,893 7184 INFO mi_base_stock odoo.modules.registry: module account_payment: creating or updating 
database tables 
2026-09-02 11:01:42,042 7184 INFO mi_base_stock odoo.modules.loading: loading 
account_payment/data/ir_config_parameter.xml 
2026-09-02 11:01:42,044 7184 INFO mi_base_stock odoo.modules.loading: loading account_payment/data/onboarding_data.xml 
2026-09-02 11:01:42,047 7184 INFO mi_base_stock odoo.modules.loading: loading 
account_payment/security/ir.model.access.csv 
2026-09-02 11:01:42,060 7184 INFO mi_base_stock odoo.modules.loading: loading account_payment/security/ir_rules.xml 
2026-09-02 11:01:42,064 7184 INFO mi_base_stock odoo.modules.loading: loading 
account_payment/views/account_payment_menus.xml 
2026-09-02 11:01:42,077 7184 INFO mi_base_stock odoo.modules.loading: loading 
account_payment/views/account_portal_templates.xml 
2026-09-02 11:01:42,107 7184 INFO mi_base_stock odoo.modules.loading: loading 
account_payment/views/account_move_views.xml 
2026-09-02 11:01:42,108 7184 INFO mi_base_stock odoo.modules.loading: loading 
account_payment/views/account_journal_views.xml 
2026-09-02 11:01:42,127 7184 INFO mi_base_stock odoo.modules.loading: loading 
account_payment/views/account_payment_views.xml 
2026-09-02 11:01:42,127 7184 INFO mi_base_stock odoo.modules.loading: loading 
account_payment/views/payment_form_templates.xml 
2026-09-02 11:01:42,127 7184 INFO mi_base_stock odoo.modules.loading: loading 
account_payment/views/payment_provider_views.xml 
2026-09-02 11:01:42,142 7184 INFO mi_base_stock odoo.modules.loading: loading 
account_payment/views/payment_transaction_views.xml 
2026-09-02 11:01:42,147 7184 INFO mi_base_stock odoo.modules.loading: loading 
account_payment/wizards/account_payment_register_views.xml 
2026-09-02 11:01:42,152 7184 INFO mi_base_stock odoo.modules.loading: loading 
account_payment/wizards/payment_link_wizard_views.xml 
2026-09-02 11:01:42,159 7184 INFO mi_base_stock odoo.modules.loading: loading 
account_payment/wizards/payment_refund_wizard_views.xml 
2026-09-02 11:01:42,159 7184 INFO mi_base_stock odoo.modules.loading: loading 
account_payment/wizards/res_config_settings_views.xml 
2026-09-02 11:01:42,195 7184 INFO mi_base_stock odoo.modules.loading: Module account_payment loaded in 0.42s, 536 
queries (+536 other) 
2026-09-02 11:01:42,195 7184 INFO mi_base_stock odoo.modules.loading: Loading module base_iban (46/61) 
2026-09-02 11:01:42,261 7184 INFO mi_base_stock odoo.modules.registry: module base_iban: creating or updating database 
tables 
2026-09-02 11:01:42,286 7184 INFO mi_base_stock odoo.modules.loading: loading base_iban/views/partner_view.xml 
2026-09-02 11:01:42,307 7184 INFO mi_base_stock odoo.modules.loading: loading base_iban/views/setup_wizards_view.xml 
2026-09-02 11:01:42,310 7184 INFO mi_base_stock odoo.modules.loading: Module base_iban loaded in 0.11s, 75 queries 
(+75 other) 
2026-09-02 11:01:42,310 7184 INFO mi_base_stock odoo.modules.loading: Loading module base_vat (47/61) 
2026-09-02 11:01:42,443 7184 INFO mi_base_stock odoo.modules.registry: module base_vat: creating or updating database 
tables 
2026-09-02 11:01:42,447 7184 INFO mi_base_stock odoo.models: Prepare computation of res.partner.vies_valid 
2026-09-02 11:01:42,527 7184 INFO mi_base_stock odoo.modules.loading: loading base_vat/data/ir_cron.xml 
2026-09-02 11:01:42,537 7184 INFO mi_base_stock odoo.modules.loading: loading 
base_vat/views/res_config_settings_views.xml 
2026-09-02 11:01:42,561 7184 INFO mi_base_stock odoo.modules.loading: loading base_vat/views/res_partner_views.xml 
2026-09-02 11:01:42,584 7184 INFO mi_base_stock odoo.modules.loading: Module base_vat loaded in 0.27s, 165 queries 
(+165 other) 
2026-09-02 11:01:42,584 7184 INFO mi_base_stock odoo.modules.loading: Loading module snailmail_account (49/61) 
2026-09-02 11:01:42,664 7184 INFO mi_base_stock odoo.modules.registry: module snailmail_account: creating or updating 
database tables 
2026-09-02 11:01:42,735 7184 INFO mi_base_stock odoo.modules.loading: loading 
snailmail_account/views/res_config_settings_views.xml 
2026-09-02 11:01:42,758 7184 INFO mi_base_stock odoo.modules.loading: Module snailmail_account loaded in 0.17s, 121 
queries (+121 other) 
2026-09-02 11:01:42,758 7184 INFO mi_base_stock odoo.modules.loading: Loading module spreadsheet_account (50/61) 
2026-09-02 11:01:42,827 7184 INFO mi_base_stock odoo.modules.registry: module spreadsheet_account: creating or 
updating database tables 
2026-09-02 11:01:42,875 7184 INFO mi_base_stock odoo.modules.loading: Module spreadsheet_account loaded in 0.12s, 59 
queries (+59 other) 
2026-09-02 11:01:42,875 7184 INFO mi_base_stock odoo.modules.loading: Loading module spreadsheet_dashboard_account 
(51/61) 
2026-09-02 11:01:42,937 7184 INFO mi_base_stock odoo.modules.loading: loading 
spreadsheet_dashboard_account/data/dashboards.xml 
2026-09-02 11:01:42,967 7184 INFO mi_base_stock odoo.modules.loading: Module spreadsheet_dashboard_account loaded in 
0.09s, 31 queries (+31 other) 
2026-09-02 11:01:42,967 7184 INFO mi_base_stock odoo.modules.loading: Loading module stock_account (52/61) 
2026-09-02 11:01:43,173 7184 INFO mi_base_stock odoo.modules.registry: module stock_account: creating or updating 
database tables 
2026-09-02 11:01:43,478 7184 INFO mi_base_stock odoo.modules.loading: loading 
stock_account/security/stock_account_security.xml 
2026-09-02 11:01:43,505 7184 INFO mi_base_stock odoo.modules.loading: loading 
stock_account/security/ir.model.access.csv 
2026-09-02 11:01:43,517 7184 INFO mi_base_stock odoo.modules.loading: loading 
stock_account/data/stock_account_data.xml 
2026-09-02 11:01:43,523 7184 INFO mi_base_stock odoo.modules.loading: loading 
stock_account/views/stock_account_views.xml 
2026-09-02 11:01:43,577 7184 INFO mi_base_stock odoo.modules.loading: loading 
stock_account/views/res_config_settings_views.xml 
2026-09-02 11:01:43,594 7184 INFO mi_base_stock odoo.modules.loading: loading stock_account/data/product_data.xml 
2026-09-02 11:01:43,602 7184 INFO mi_base_stock odoo.modules.loading: loading stock_account/views/report_invoice.xml 
2026-09-02 11:01:43,608 7184 INFO mi_base_stock odoo.modules.loading: loading 
stock_account/views/stock_valuation_layer_views.xml 
2026-09-02 11:01:43,652 7184 INFO mi_base_stock odoo.modules.loading: loading 
stock_account/views/stock_quant_views.xml 
2026-09-02 11:01:43,660 7184 INFO mi_base_stock odoo.modules.loading: loading stock_account/views/product_views.xml 
2026-09-02 11:01:43,677 7184 INFO mi_base_stock odoo.modules.loading: loading stock_account/views/stock_lot_views.xml 
2026-09-02 11:01:43,677 7184 INFO mi_base_stock odoo.modules.loading: loading 
stock_account/views/stock_picking_views.xml 
2026-09-02 11:01:43,697 7184 INFO mi_base_stock odoo.modules.loading: loading 
stock_account/wizard/stock_request_count.xml 
2026-09-02 11:01:43,702 7184 INFO mi_base_stock odoo.modules.loading: loading 
stock_account/wizard/stock_valuation_layer_revaluation_views.xml 
2026-09-02 11:01:43,709 7184 INFO mi_base_stock odoo.modules.loading: loading 
stock_account/wizard/stock_quantity_history.xml 
2026-09-02 11:01:43,716 7184 INFO mi_base_stock odoo.modules.loading: loading 
stock_account/report/account_invoice_report_view.xml 
2026-09-02 11:01:43,730 7184 INFO mi_base_stock odoo.modules.loading: Module stock_account loaded in 0.76s, 888 
queries (+888 other) 
2026-09-02 11:01:43,730 7184 INFO mi_base_stock odoo.modules.loading: Loading module account_qr_code_sepa (54/61) 
2026-09-02 11:01:43,797 7184 INFO mi_base_stock odoo.modules.registry: module account_qr_code_sepa: creating or 
updating database tables 
2026-09-02 11:01:43,837 7184 INFO mi_base_stock odoo.modules.loading: Module account_qr_code_sepa loaded in 0.11s, 46 
queries (+46 other) 
2026-09-02 11:01:43,837 7184 INFO mi_base_stock odoo.modules.loading: Loading module l10n_es (55/61) 
2026-09-02 11:01:43,944 7184 INFO mi_base_stock odoo.modules.registry: module l10n_es: creating or updating database 
tables 
2026-09-02 11:01:44,057 7184 INFO mi_base_stock odoo.modules.loading: loading l10n_es/data/account.account.tag.csv 
2026-09-02 11:01:44,127 7184 INFO mi_base_stock odoo.modules.loading: loading l10n_es/data/res_partner_data.xml 
2026-09-02 11:01:44,147 7184 INFO mi_base_stock odoo.modules.loading: loading l10n_es/views/account_move_views.xml 
2026-09-02 11:01:44,160 7184 INFO mi_base_stock odoo.modules.loading: loading l10n_es/views/account_tax_views.xml 
2026-09-02 11:01:44,160 7184 INFO mi_base_stock odoo.modules.loading: loading l10n_es/data/product_data.xml 
2026-09-02 11:01:44,217 7184 INFO mi_base_stock odoo.modules.loading: loading l10n_es/views/report_invoice.xml 
2026-09-02 11:01:44,223 7184 INFO mi_base_stock odoo.modules.loading: loading 
l10n_es/views/res_config_settings_views.xml 
2026-09-02 11:01:44,234 7184 INFO mi_base_stock odoo.modules.loading: loading l10n_es/data/mod111.xml 
2026-09-02 11:01:44,326 7184 INFO mi_base_stock odoo.modules.loading: loading l10n_es/data/mod115.xml 
2026-09-02 11:01:44,345 7184 INFO mi_base_stock odoo.modules.loading: loading l10n_es/data/mod303.xml 
2026-09-02 11:01:44,567 7184 INFO mi_base_stock odoo.modules.loading: loading l10n_es/data/mod390/mod390_section1.xml 
2026-09-02 11:01:44,849 7184 INFO mi_base_stock odoo.modules.loading: loading l10n_es/data/mod390/mod390_section2.xml 
2026-09-02 11:01:45,222 7184 INFO mi_base_stock odoo.modules.loading: loading l10n_es/data/mod390/mod390_section3.xml 
2026-09-02 11:01:45,237 7184 INFO mi_base_stock odoo.modules.loading: loading l10n_es/data/mod390/mod390_section4.xml 
2026-09-02 11:01:45,257 7184 INFO mi_base_stock odoo.modules.loading: loading l10n_es/data/mod390/mod390_section5.xml 
2026-09-02 11:01:45,298 7184 INFO mi_base_stock odoo.modules.loading: loading l10n_es/data/mod390/mod390_section6.xml 
2026-09-02 11:01:45,338 7184 INFO mi_base_stock odoo.modules.loading: loading l10n_es/data/mod390/mod390_section7.xml 
2026-09-02 11:01:45,478 7184 INFO mi_base_stock odoo.modules.loading: loading l10n_es/data/mod390/mod390.xml 
2026-09-02 11:01:45,484 7184 INFO mi_base_stock odoo.modules.loading: loading l10n_es/data/mod420.xml 
2026-09-02 11:01:45,675 7184 INFO mi_base_stock odoo.modules.loading: Module l10n_es loaded in 1.84s, 4233 queries 
(+4233 other) 
2026-09-02 11:01:45,675 7184 INFO mi_base_stock odoo.modules.loading: Loading module point_of_sale (56/61) 
2026-09-02 11:01:46,105 7184 INFO mi_base_stock odoo.modules.registry: module point_of_sale: creating or updating 
database tables 
2026-09-02 11:01:46,988 7184 INFO mi_base_stock odoo.modules.loading: loading 
point_of_sale/security/point_of_sale_security.xml 
2026-09-02 11:01:47,099 7184 INFO mi_base_stock odoo.modules.loading: loading 
point_of_sale/security/ir.model.access.csv 
2026-09-02 11:01:47,130 7184 INFO mi_base_stock odoo.modules.loading: loading 
point_of_sale/data/default_barcode_patterns.xml 
2026-09-02 11:01:47,130 7184 INFO mi_base_stock odoo.modules.loading: loading point_of_sale/data/digest_data.xml 
2026-09-02 11:01:47,146 7184 INFO mi_base_stock odoo.modules.loading: loading point_of_sale/data/pos_note_data.xml 
2026-09-02 11:01:47,149 7184 INFO mi_base_stock odoo.modules.loading: loading 
point_of_sale/data/mail_template_data.xml 
2026-09-02 11:01:47,157 7184 INFO mi_base_stock odoo.modules.loading: loading 
point_of_sale/data/point_of_sale_tour.xml 
2026-09-02 11:01:47,157 7184 INFO mi_base_stock odoo.modules.loading: loading 
point_of_sale/data/ir_config_parameter_data.xml 
2026-09-02 11:01:47,164 7184 INFO mi_base_stock odoo.modules.loading: loading point_of_sale/wizard/pos_details.xml 
2026-09-02 11:01:47,169 7184 INFO mi_base_stock odoo.modules.loading: loading point_of_sale/wizard/pos_payment.xml 
2026-09-02 11:01:47,169 7184 INFO mi_base_stock odoo.modules.loading: loading 
point_of_sale/wizard/pos_close_session_wizard.xml 
2026-09-02 11:01:47,180 7184 INFO mi_base_stock odoo.modules.loading: loading 
point_of_sale/wizard/pos_daily_sales_reports.xml 
2026-09-02 11:01:47,185 7184 INFO mi_base_stock odoo.modules.loading: loading point_of_sale/views/pos_assets_index.xml 
2026-09-02 11:01:47,190 7184 INFO mi_base_stock odoo.modules.loading: loading 
point_of_sale/views/point_of_sale_report.xml 
2026-09-02 11:01:47,194 7184 INFO mi_base_stock odoo.modules.loading: loading 
point_of_sale/views/point_of_sale_view.xml 
2026-09-02 11:01:47,220 7184 INFO mi_base_stock odoo.modules.loading: loading point_of_sale/views/pos_note_view.xml 
2026-09-02 11:01:47,228 7184 INFO mi_base_stock odoo.modules.loading: loading point_of_sale/views/pos_order_view.xml 
2026-09-02 11:01:47,281 7184 INFO mi_base_stock odoo.modules.loading: loading 
point_of_sale/views/pos_category_view.xml 
2026-09-02 11:01:47,281 7184 INFO mi_base_stock odoo.modules.loading: loading 
point_of_sale/views/product_combo_views.xml 
2026-09-02 11:01:47,299 7184 INFO mi_base_stock odoo.modules.loading: loading point_of_sale/views/product_view.xml 
2026-09-02 11:01:47,358 7184 INFO mi_base_stock odoo.modules.loading: loading 
point_of_sale/views/account_journal_view.xml 
2026-09-02 11:01:47,362 7184 INFO mi_base_stock odoo.modules.loading: loading 
point_of_sale/views/pos_payment_method_views.xml 
2026-09-02 11:01:47,377 7184 INFO mi_base_stock odoo.modules.loading: loading 
point_of_sale/views/pos_payment_views.xml 
2026-09-02 11:01:47,381 7184 INFO mi_base_stock odoo.modules.loading: loading point_of_sale/views/pos_config_view.xml 
2026-09-02 11:01:47,397 7184 INFO mi_base_stock odoo.modules.loading: loading point_of_sale/views/pos_bill_view.xml 
2026-09-02 11:01:47,414 7184 INFO mi_base_stock odoo.modules.loading: loading point_of_sale/views/pos_session_view.xml 
2026-09-02 11:01:47,439 7184 INFO mi_base_stock odoo.modules.loading: loading 
point_of_sale/views/point_of_sale_sequence.xml 
2026-09-02 11:01:47,443 7184 INFO mi_base_stock odoo.modules.loading: loading 
point_of_sale/data/point_of_sale_data.xml 
2026-09-02 11:01:47,505 7184 INFO mi_base_stock odoo.modules.loading: loading 
point_of_sale/views/pos_order_report_view.xml 
2026-09-02 11:01:47,517 7184 INFO mi_base_stock odoo.modules.loading: loading 
point_of_sale/views/account_statement_view.xml 
2026-09-02 11:01:47,531 7184 INFO mi_base_stock odoo.modules.loading: loading point_of_sale/views/digest_views.xml 
2026-09-02 11:01:47,537 7184 INFO mi_base_stock odoo.modules.loading: loading point_of_sale/views/res_partner_view.xml 
2026-09-02 11:01:47,558 7184 INFO mi_base_stock odoo.modules.loading: loading point_of_sale/views/report_userlabel.xml 
2026-09-02 11:01:47,562 7184 INFO mi_base_stock odoo.modules.loading: loading 
point_of_sale/views/report_saledetails.xml 
2026-09-02 11:01:47,568 7184 INFO mi_base_stock odoo.modules.loading: loading 
point_of_sale/views/point_of_sale_dashboard.xml 
2026-09-02 11:01:47,568 7184 INFO mi_base_stock odoo.modules.loading: loading point_of_sale/views/report_invoice.xml 
2026-09-02 11:01:47,583 7184 INFO mi_base_stock odoo.modules.loading: loading point_of_sale/views/pos_printer_view.xml 
2026-09-02 11:01:47,593 7184 INFO mi_base_stock odoo.modules.loading: loading point_of_sale/views/pos_ticket_view.xml 
2026-09-02 11:01:47,599 7184 INFO mi_base_stock odoo.modules.loading: loading 
point_of_sale/views/res_config_settings_views.xml 
2026-09-02 11:01:47,621 7184 INFO mi_base_stock odoo.modules.loading: loading 
point_of_sale/views/customer_display_index.xml 
2026-09-02 11:01:47,627 7184 INFO mi_base_stock odoo.modules.loading: loading 
point_of_sale/views/account_move_views.xml 
2026-09-02 11:01:47,649 7184 INFO mi_base_stock odoo.modules.loading: loading 
point_of_sale/views/pos_session_sales_details.xml 
2026-09-02 11:01:47,714 7184 INFO mi_base_stock odoo.modules.loading: Module point_of_sale loaded in 2.04s, 2892 
queries (+2892 other) 
2026-09-02 11:01:47,714 7184 INFO mi_base_stock odoo.modules.loading: Loading module 
spreadsheet_dashboard_stock_account (57/61) 
2026-09-02 11:01:47,863 7184 INFO mi_base_stock odoo.modules.loading: loading 
spreadsheet_dashboard_stock_account/data/dashboards.xml 
2026-09-02 11:01:47,900 7184 INFO mi_base_stock odoo.modules.loading: Module spreadsheet_dashboard_stock_account 
loaded in 0.19s, 30 queries (+30 other) 
2026-09-02 11:01:47,900 7184 INFO mi_base_stock odoo.modules.loading: Loading module l10n_es_edi_facturae (58/61) 
2026-09-02 11:01:48,017 7184 INFO mi_base_stock odoo.modules.registry: module l10n_es_edi_facturae: creating or 
updating database tables 
2026-09-02 11:01:48,202 7184 INFO mi_base_stock odoo.modules.loading: loading l10n_es_edi_facturae/data/uom.uom.csv 
2026-09-02 11:01:48,217 7184 INFO mi_base_stock odoo.modules.loading: loading 
l10n_es_edi_facturae/data/facturae_templates.xml 
2026-09-02 11:01:48,247 7184 INFO mi_base_stock odoo.modules.loading: loading 
l10n_es_edi_facturae/data/l10n_es_edi_facturae.ac_role_type.csv 
2026-09-02 11:01:48,250 7184 INFO mi_base_stock odoo.modules.loading: loading 
l10n_es_edi_facturae/data/signature_templates.xml 
2026-09-02 11:01:48,250 7184 INFO mi_base_stock odoo.modules.loading: loading 
l10n_es_edi_facturae/security/ir.model.access.csv 
2026-09-02 11:01:48,262 7184 INFO mi_base_stock odoo.modules.loading: loading 
l10n_es_edi_facturae/views/l10n_es_edi_facturae_views.xml 
2026-09-02 11:01:48,267 7184 INFO mi_base_stock odoo.modules.loading: loading 
l10n_es_edi_facturae/views/res_partner_views.xml 
2026-09-02 11:01:48,288 7184 INFO mi_base_stock odoo.modules.loading: loading 
l10n_es_edi_facturae/views/account_tax_views.xml 
2026-09-02 11:01:48,299 7184 INFO mi_base_stock odoo.modules.loading: loading 
l10n_es_edi_facturae/views/account_move_views.xml 
2026-09-02 11:01:48,310 7184 INFO mi_base_stock odoo.modules.loading: loading 
l10n_es_edi_facturae/views/uom_uom_views.xml 
2026-09-02 11:01:48,323 7184 INFO mi_base_stock odoo.modules.loading: loading 
l10n_es_edi_facturae/views/account_menuitem.xml 
2026-09-02 11:01:48,329 7184 INFO mi_base_stock odoo.modules.loading: loading 
l10n_es_edi_facturae/wizard/account_move_reversal_view.xml 
2026-09-02 11:01:48,350 7184 INFO mi_base_stock odoo.modules.loading: Module l10n_es_edi_facturae loaded in 0.45s, 548 
queries (+548 other) 
2026-09-02 11:01:48,350 7184 INFO mi_base_stock odoo.modules.loading: Loading module pos_epson_printer (59/61) 
2026-09-02 11:01:48,427 7184 INFO mi_base_stock odoo.modules.registry: module pos_epson_printer: creating or updating 
database tables 
2026-09-02 11:01:48,482 7184 INFO mi_base_stock odoo.modules.loading: loading 
pos_epson_printer/views/pos_config_views.xml 
2026-09-02 11:01:48,487 7184 INFO mi_base_stock odoo.modules.loading: loading 
pos_epson_printer/views/res_config_settings_views.xml 
2026-09-02 11:01:48,501 7184 INFO mi_base_stock odoo.modules.loading: loading 
pos_epson_printer/views/pos_printer_views.xml 
2026-09-02 11:01:48,517 7184 INFO mi_base_stock odoo.modules.loading: Module pos_epson_printer loaded in 0.17s, 122 
queries (+122 other) 
2026-09-02 11:01:48,517 7184 INFO mi_base_stock odoo.modules.loading: Loading module pos_online_payment (60/61) 
2026-09-02 11:01:48,619 7184 INFO mi_base_stock odoo.modules.registry: module pos_online_payment: creating or updating 
database tables 
2026-09-02 11:01:48,790 7184 INFO mi_base_stock odoo.modules.loading: loading 
pos_online_payment/security/ir.model.access.csv 
2026-09-02 11:01:48,795 7184 INFO mi_base_stock odoo.modules.loading: loading 
pos_online_payment/views/payment_transaction_views.xml 
2026-09-02 11:01:48,805 7184 INFO mi_base_stock odoo.modules.loading: loading 
pos_online_payment/views/pos_payment_views.xml 
2026-09-02 11:01:48,810 7184 INFO mi_base_stock odoo.modules.loading: loading 
pos_online_payment/views/pos_payment_method_views.xml 
2026-09-02 11:01:48,817 7184 INFO mi_base_stock odoo.modules.loading: loading 
pos_online_payment/views/payment_portal_templates.xml 
2026-09-02 11:01:48,817 7184 INFO mi_base_stock odoo.modules.loading: loading 
pos_online_payment/views/account_payment_views.xml 
2026-09-02 11:01:48,837 7184 INFO mi_base_stock odoo.modules.loading: Module pos_online_payment loaded in 0.32s, 243 
queries (+243 other) 
2026-09-02 11:01:48,837 7184 INFO mi_base_stock odoo.modules.loading: Loading module pos_sms (61/61) 
2026-09-02 11:01:48,922 7184 INFO mi_base_stock odoo.modules.registry: module pos_sms: creating or updating database 
tables 
2026-09-02 11:01:48,977 7184 INFO mi_base_stock odoo.modules.loading: loading pos_sms/data/sms_data.xml 
2026-09-02 11:01:48,982 7184 INFO mi_base_stock odoo.modules.loading: loading 
pos_sms/views/res_config_settings_views.xml 
2026-09-02 11:01:49,012 7184 INFO mi_base_stock odoo.modules.loading: loading pos_sms/data/point_of_sale_data.xml 
2026-09-02 11:01:49,024 7184 INFO mi_base_stock odoo.modules.loading: Module pos_sms loaded in 0.19s, 146 queries 
(+146 other) 
2026-09-02 11:01:49,024 7184 INFO mi_base_stock odoo.modules.loading: 61 modules loaded in 15.92s, 20209 queries 
(+20209 extra) 
2026-09-02 11:01:49,539 7184 INFO mi_base_stock odoo.modules.loading: Modules loaded. 
2026-09-02 11:01:51,702 7184 INFO mi_base_stock odoo.modules.registry: Registry changed, signaling through the 
database 
2026-09-02 11:01:51,702 7184 INFO mi_base_stock odoo.modules.registry: Registry loaded in 19.854s 
2026-09-02 11:01:51,702 7184 INFO mi_base_stock odoo.service.server: Initiating shutdown 
2026-09-02 11:01:51,702 7184 INFO mi_base_stock odoo.service.server: Hit CTRL-C again or send a second signal to force 
the shutdown. 
2026-09-02 11:01:51,702 7184 INFO mi_base_stock odoo.sql_db: ConnectionPool(read/write;used=0/count=0/max=64): Closed 
1 connections  
