Ignoring asn1crypto: markers 'python_version < "3.11"' don't match your environment
Ignoring Babel: markers 'python_version < "3.11"' don't match your environment
Ignoring Babel: markers 'python_version >= "3.13"' don't match your environment
Ignoring cbor2: markers 'python_version < "3.11"' don't match your environment
Ignoring cbor2: markers 'python_version >= "3.11" and python_version < "3.12"' don't match your environment
Ignoring chardet: markers 'python_version < "3.11"' don't match your environment
Ignoring cryptography: markers 'python_version < "3.12"' don't match your environment
Ignoring decorator: markers 'python_version < "3.11"' don't match your environment
Ignoring docutils: markers 'python_version < "3.11"' don't match your environment
Ignoring freezegun: markers 'python_version < "3.11"' don't match your environment
Ignoring freezegun: markers 'python_version >= "3.13"' don't match your environment
Ignoring gevent: markers 'sys_platform != "win32" and python_version == "3.10"' don't match your environment
Ignoring gevent: markers 'sys_platform != "win32" and python_version > "3.10" and python_version < "3.12"' don't match your environment
Ignoring gevent: markers 'sys_platform != "win32" and python_version >= "3.12" and python_version < "3.13"' don't match your environment
Ignoring gevent: markers 'sys_platform != "win32" and python_version >= "3.13"' don't match your environment
Ignoring greenlet: markers 'sys_platform != "win32" and python_version == "3.10"' don't match your environment
Ignoring greenlet: markers 'sys_platform != "win32" and python_version > "3.10" and python_version < "3.12"' don't match your environment
Ignoring greenlet: markers 'sys_platform != "win32" and python_version >= "3.12" and python_version < "3.13"' don't match your environment
Ignoring greenlet: markers 'sys_platform != "win32" and python_version >= "3.13" and python_version < "3.14"' don't match your environment
Ignoring greenlet: markers 'sys_platform != "win32" and python_version >= "3.14"' don't match your environment
Ignoring idna: markers 'python_version < "3.12"' don't match your environment
Ignoring Jinja2: markers 'python_version <= "3.10"' don't match your environment
Ignoring libsass: markers 'python_version < "3.11"' don't match your environment
Ignoring lxml: markers 'python_version <= "3.10"' don't match your environment
Ignoring lxml: markers 'python_version > "3.10" and python_version < "3.12"' don't match your environment
Ignoring lxml: markers 'python_version >= "3.13" and python_version < "3.14"' don't match your environment
Ignoring lxml: markers 'python_version >= "3.14"' don't match your environment
Ignoring MarkupSafe: markers 'python_version <= "3.10"' don't match your environment
Ignoring MarkupSafe: markers 'python_version > "3.10" and python_version < "3.12"' don't match your environment
Ignoring num2words: markers 'python_version < "3.12"' don't match your environment
Ignoring openpyxl: markers 'python_version < "3.12"' don't match your environment
Ignoring Pillow: markers 'python_version <= "3.10"' don't match your environment
Ignoring Pillow: markers 'python_version > "3.10" and python_version < "3.12"' don't match your environment
Ignoring Pillow: markers 'python_version >= "3.13" and python_version < "3.14"' don't match your environment
Ignoring Pillow: markers 'python_version >= "3.14"' don't match your environment
Ignoring psutil: markers 'python_version <= "3.10"' don't match your environment
Ignoring psutil: markers 'python_version > "3.10" and python_version < "3.12"' don't match your environment
Ignoring psycopg2: markers 'python_version == "3.10"' don't match your environment
Ignoring psycopg2: markers 'python_version == "3.11"' don't match your environment
Ignoring psycopg2: markers 'python_version >= "3.13"' don't match your environment
Ignoring pyopenssl: markers 'python_version < "3.12"' don't match your environment
Ignoring PyPDF2: markers 'python_version <= "3.10"' don't match your environment
Ignoring PyPDF: markers 'python_version >= "3.13"' don't match your environment
Ignoring python-dateutil: markers 'python_version < "3.11"' don't match your environment
Ignoring python-ldap: markers 'sys_platform != "win32" and python_version < "3.12"' don't match your environment
Ignoring python-ldap: markers 'sys_platform != "win32" and python_version >= "3.12"' don't match your environment
Ignoring python-stdnum: markers 'python_version < "3.11"' don't match your environment
Ignoring python-stdnum: markers 'python_version >= "3.14"' don't match your environment
Ignoring qrcode: markers 'python_version < "3.11"' don't match your environment
Ignoring reportlab: markers 'python_version <= "3.10"' don't match your environment
Ignoring reportlab: markers 'python_version > "3.10" and python_version < "3.12"' don't match your environment
Ignoring requests: markers 'python_version < "3.11"' don't match your environment
Ignoring rjsmin: markers 'python_version < "3.11"' don't match your environment
Ignoring urllib3: markers 'python_version < "3.12"' don't match your environment
Ignoring vobject: markers 'python_version >= "3.14"' don't match your environment
Ignoring Werkzeug: markers 'python_version <= "3.10"' don't match your environment
Ignoring Werkzeug: markers 'python_version > "3.10" and python_version < "3.12"' don't match your environment
Ignoring xlrd: markers 'python_version < "3.12"' don't match your environment
Ignoring XlsxWriter: markers 'python_version < "3.12"' don't match your environment
Ignoring zeep: markers 'python_version < "3.11"' don't match your environment
Ignoring zeep: markers 'python_version >= "3.13"' don't match your environment
Collecting asn1crypto==1.5.1 (from -r .\odoo\requirements.txt (line 4))
  Downloading asn1crypto-1.5.1-py2.py3-none-any.whl.metadata (13 kB)
Collecting Babel==2.10.3 (from -r .\odoo\requirements.txt (line 6))
  Downloading Babel-2.10.3-py3-none-any.whl.metadata (1.3 kB)
Collecting cbor2==5.6.2 (from -r .\odoo\requirements.txt (line 10))
  Downloading cbor2-5.6.2-cp312-cp312-win_amd64.whl.metadata (6.2 kB)
Collecting chardet==5.2.0 (from -r .\odoo\requirements.txt (line 12))
  Downloading chardet-5.2.0-py3-none-any.whl.metadata (3.4 kB)
Collecting cryptography==42.0.8 (from -r .\odoo\requirements.txt (line 14))
  Downloading cryptography-42.0.8-cp39-abi3-win_amd64.whl.metadata (5.4 kB)
Collecting decorator==5.1.1 (from -r .\odoo\requirements.txt (line 16))
  Downloading decorator-5.1.1-py3-none-any.whl.metadata (4.0 kB)
Collecting docutils==0.20.1 (from -r .\odoo\requirements.txt (line 18))
  Downloading docutils-0.20.1-py3-none-any.whl.metadata (2.8 kB)
Collecting freezegun==1.2.1 (from -r .\odoo\requirements.txt (line 20))
  Downloading freezegun-1.2.1-py3-none-any.whl.metadata (10 kB)
Collecting geoip2==2.9.0 (from -r .\odoo\requirements.txt (line 22))
  Downloading geoip2-2.9.0-py2.py3-none-any.whl.metadata (13 kB)
Collecting idna==3.6 (from -r .\odoo\requirements.txt (line 33))
  Downloading idna-3.6-py3-none-any.whl.metadata (9.9 kB)
Collecting Jinja2==3.1.2 (from -r .\odoo\requirements.txt (line 35))
  Downloading Jinja2-3.1.2-py3-none-any.whl.metadata (3.5 kB)
Collecting libsass==0.22.0 (from -r .\odoo\requirements.txt (line 37))
  Downloading libsass-0.22.0-cp37-abi3-win_amd64.whl.metadata (4.6 kB)
Collecting lxml==5.2.1 (from -r .\odoo\requirements.txt (line 40))
  Downloading lxml-5.2.1-cp312-cp312-win_amd64.whl.metadata (3.5 kB)
Collecting lxml-html-clean (from -r .\odoo\requirements.txt (line 43))
  Downloading lxml_html_clean-0.4.5-py3-none-any.whl.metadata (2.4 kB)
Collecting MarkupSafe==2.1.5 (from -r .\odoo\requirements.txt (line 46))
  Downloading MarkupSafe-2.1.5-cp312-cp312-win_amd64.whl.metadata (3.1 kB)
Collecting num2words==0.5.13 (from -r .\odoo\requirements.txt (line 48))
  Downloading num2words-0.5.13-py3-none-any.whl.metadata (12 kB)
Collecting ofxparse==0.21 (from -r .\odoo\requirements.txt (line 49))
  Downloading ofxparse-0.21.tar.gz (53 kB)
  Installing build dependencies: started
  Installing build dependencies: finished with status 'done'
  Getting requirements to build wheel: started
  Getting requirements to build wheel: finished with status 'done'
  Preparing metadata (pyproject.toml): started
  Preparing metadata (pyproject.toml): finished with status 'done'
Collecting openpyxl==3.1.2 (from -r .\odoo\requirements.txt (line 51))
  Downloading openpyxl-3.1.2-py2.py3-none-any.whl.metadata (2.5 kB)
Collecting passlib==1.7.4 (from -r .\odoo\requirements.txt (line 52))
  Downloading passlib-1.7.4-py2.py3-none-any.whl.metadata (1.7 kB)
Collecting Pillow==10.2.0 (from -r .\odoo\requirements.txt (line 55))
  Downloading pillow-10.2.0-cp312-cp312-win_amd64.whl.metadata (9.9 kB)
Collecting polib==1.1.1 (from -r .\odoo\requirements.txt (line 58))
  Downloading polib-1.1.1-py2.py3-none-any.whl.metadata (14 kB)
Collecting psutil==5.9.8 (from -r .\odoo\requirements.txt (line 61))
  Downloading psutil-5.9.8-cp37-abi3-win_amd64.whl.metadata (22 kB)
Collecting psycopg2==2.9.9 (from -r .\odoo\requirements.txt (line 64))
  Downloading psycopg2-2.9.9-cp312-cp312-win_amd64.whl.metadata (4.5 kB)
Collecting pyopenssl==24.1.0 (from -r .\odoo\requirements.txt (line 67))
  Downloading pyOpenSSL-24.1.0-py3-none-any.whl.metadata (12 kB)
Collecting PyPDF2==2.12.1 (from -r .\odoo\requirements.txt (line 69))
  Downloading pypdf2-2.12.1-py3-none-any.whl.metadata (6.6 kB)
Collecting pypiwin32 (from -r .\odoo\requirements.txt (line 71))
  Downloading pypiwin32-223-py3-none-any.whl.metadata (236 bytes)
Collecting pyserial==3.5 (from -r .\odoo\requirements.txt (line 72))
  Downloading pyserial-3.5-py2.py3-none-any.whl.metadata (1.6 kB)
Collecting python-dateutil==2.8.2 (from -r .\odoo\requirements.txt (line 74))
  Downloading python_dateutil-2.8.2-py2.py3-none-any.whl.metadata (8.2 kB)
Collecting python-stdnum==1.19 (from -r .\odoo\requirements.txt (line 78))
  Downloading python_stdnum-1.19-py2.py3-none-any.whl.metadata (17 kB)
Collecting pytz (from -r .\odoo\requirements.txt (line 80))
  Downloading pytz-2026.3.post1-py2.py3-none-any.whl.metadata (22 kB)
Collecting pyusb==1.2.1 (from -r .\odoo\requirements.txt (line 81))
  Downloading pyusb-1.2.1-py3-none-any.whl.metadata (2.2 kB)
Collecting qrcode==7.4.2 (from -r .\odoo\requirements.txt (line 83))
  Downloading qrcode-7.4.2-py3-none-any.whl.metadata (17 kB)
Collecting reportlab==4.1.0 (from -r .\odoo\requirements.txt (line 86))
  Downloading reportlab-4.1.0-py3-none-any.whl.metadata (1.4 kB)
Collecting requests==2.31.0 (from -r .\odoo\requirements.txt (line 88))
  Downloading requests-2.31.0-py3-none-any.whl.metadata (4.6 kB)
Collecting rjsmin==1.2.0 (from -r .\odoo\requirements.txt (line 90))
  Downloading rjsmin-1.2.0.tar.gz (419 kB)
  Installing build dependencies: started
  Installing build dependencies: finished with status 'done'
  Getting requirements to build wheel: started
  Getting requirements to build wheel: finished with status 'done'
  Preparing metadata (pyproject.toml): started
  Preparing metadata (pyproject.toml): finished with status 'done'
Collecting rl-renderPM==4.0.3 (from -r .\odoo\requirements.txt (line 91))
  Downloading rl_renderPM-4.0.3-cp312-cp312-win_amd64.whl.metadata (1.8 kB)
Collecting urllib3==2.0.7 (from -r .\odoo\requirements.txt (line 93))
  Downloading urllib3-2.0.7-py3-none-any.whl.metadata (6.6 kB)
Collecting vobject==0.9.6.1 (from -r .\odoo\requirements.txt (line 94))
  Downloading vobject-0.9.6.1.tar.gz (58 kB)
  Installing build dependencies: started
  Installing build dependencies: finished with status 'done'
  Getting requirements to build wheel: started
  Getting requirements to build wheel: finished with status 'done'
  Preparing metadata (pyproject.toml): started
  Preparing metadata (pyproject.toml): finished with status 'done'
Collecting Werkzeug==3.0.1 (from -r .\odoo\requirements.txt (line 98))
  Downloading werkzeug-3.0.1-py3-none-any.whl.metadata (4.1 kB)
Collecting xlrd==2.0.1 (from -r .\odoo\requirements.txt (line 100))
  Downloading xlrd-2.0.1-py2.py3-none-any.whl.metadata (3.4 kB)
Collecting XlsxWriter==3.1.9 (from -r .\odoo\requirements.txt (line 102))
  Downloading XlsxWriter-3.1.9-py3-none-any.whl.metadata (2.6 kB)
Collecting xlwt==1.3.0 (from -r .\odoo\requirements.txt (line 103))
  Downloading xlwt-1.3.0-py2.py3-none-any.whl.metadata (3.5 kB)
Collecting zeep==4.2.1 (from -r .\odoo\requirements.txt (line 105))
  Downloading zeep-4.2.1-py3-none-any.whl.metadata (3.5 kB)
Collecting cffi>=1.12 (from cryptography==42.0.8->-r .\odoo\requirements.txt (line 14))
  Downloading cffi-2.1.1-cp312-cp312-win_amd64.whl.metadata (2.6 kB)
Collecting maxminddb>=1.4.0 (from geoip2==2.9.0->-r .\odoo\requirements.txt (line 22))
  Downloading maxminddb-3.1.1-cp312-cp312-win_amd64.whl.metadata (5.5 kB)
Collecting docopt>=0.6.2 (from num2words==0.5.13->-r .\odoo\requirements.txt (line 48))
  Downloading docopt-0.6.2.tar.gz (25 kB)
  Installing build dependencies: started
  Installing build dependencies: finished with status 'done'
  Getting requirements to build wheel: started
  Getting requirements to build wheel: finished with status 'done'
  Preparing metadata (pyproject.toml): started
  Preparing metadata (pyproject.toml): finished with status 'done'
Collecting beautifulsoup4 (from ofxparse==0.21->-r .\odoo\requirements.txt (line 49))
  Downloading beautifulsoup4-4.15.0-py3-none-any.whl.metadata (3.8 kB)
Collecting six (from ofxparse==0.21->-r .\odoo\requirements.txt (line 49))
  Using cached six-1.17.0-py2.py3-none-any.whl.metadata (1.7 kB)
Collecting et-xmlfile (from openpyxl==3.1.2->-r .\odoo\requirements.txt (line 51))
  Downloading et_xmlfile-2.0.0-py3-none-any.whl.metadata (2.7 kB)
Collecting typing-extensions (from qrcode==7.4.2->-r .\odoo\requirements.txt (line 83))
  Downloading typing_extensions-4.16.0-py3-none-any.whl.metadata (3.3 kB)
Collecting pypng (from qrcode==7.4.2->-r .\odoo\requirements.txt (line 83))
  Downloading pypng-0.20220715.0-py3-none-any.whl.metadata (13 kB)
Collecting colorama (from qrcode==7.4.2->-r .\odoo\requirements.txt (line 83))
  Using cached colorama-0.4.6-py2.py3-none-any.whl.metadata (17 kB)
Collecting charset-normalizer<4,>=2 (from requests==2.31.0->-r .\odoo\requirements.txt (line 88))
  Downloading charset_normalizer-3.5.1-cp312-cp312-win_amd64.whl.metadata (46 kB)
Collecting certifi>=2017.4.17 (from requests==2.31.0->-r .\odoo\requirements.txt (line 88))
  Downloading certifi-2026.7.22-py3-none-any.whl.metadata (2.5 kB)
Collecting attrs>=17.2.0 (from zeep==4.2.1->-r .\odoo\requirements.txt (line 105))
  Downloading attrs-26.1.0-py3-none-any.whl.metadata (8.8 kB)
Collecting isodate>=0.5.4 (from zeep==4.2.1->-r .\odoo\requirements.txt (line 105))
  Downloading isodate-0.7.2-py3-none-any.whl.metadata (11 kB)
Collecting platformdirs>=1.4.0 (from zeep==4.2.1->-r .\odoo\requirements.txt (line 105))
  Downloading platformdirs-4.11.7-py3-none-any.whl.metadata (5.5 kB)
Collecting requests-toolbelt>=0.7.1 (from zeep==4.2.1->-r .\odoo\requirements.txt (line 105))
  Downloading requests_toolbelt-1.0.0-py2.py3-none-any.whl.metadata (14 kB)
Collecting requests-file>=1.5.1 (from zeep==4.2.1->-r .\odoo\requirements.txt (line 105))
  Downloading requests_file-3.0.1-py2.py3-none-any.whl.metadata (1.7 kB)
INFO: pip is looking at multiple versions of lxml-html-clean to determine which version is compatible with other requirements. This could take a while.
Collecting lxml-html-clean (from -r .\odoo\requirements.txt (line 43))
  Downloading lxml_html_clean-0.4.4-py3-none-any.whl.metadata (2.4 kB)
Collecting pywin32>=223 (from pypiwin32->-r .\odoo\requirements.txt (line 71))
  Downloading pywin32-312-cp312-cp312-win_amd64.whl.metadata (11 kB)
Collecting pycparser (from cffi>=1.12->cryptography==42.0.8->-r .\odoo\requirements.txt (line 14))
  Downloading pycparser-3.0-py3-none-any.whl.metadata (8.2 kB)
Collecting soupsieve>=1.6.1 (from beautifulsoup4->ofxparse==0.21->-r .\odoo\requirements.txt (line 49))
  Downloading soupsieve-2.9.2-py3-none-any.whl.metadata (4.6 kB)
Downloading asn1crypto-1.5.1-py2.py3-none-any.whl (105 kB)
Downloading Babel-2.10.3-py3-none-any.whl (9.5 MB)
   ---------------------------------------- 9.5/9.5 MB 49.4 MB/s  0:00:00
Downloading cbor2-5.6.2-cp312-cp312-win_amd64.whl (66 kB)
Downloading chardet-5.2.0-py3-none-any.whl (199 kB)
Downloading cryptography-42.0.8-cp39-abi3-win_amd64.whl (2.9 MB)
   ---------------------------------------- 2.9/2.9 MB 55.8 MB/s  0:00:00
Downloading decorator-5.1.1-py3-none-any.whl (9.1 kB)
Downloading docutils-0.20.1-py3-none-any.whl (572 kB)
   ---------------------------------------- 572.7/572.7 kB 20.7 MB/s  0:00:00
Downloading freezegun-1.2.1-py3-none-any.whl (16 kB)
Downloading geoip2-2.9.0-py2.py3-none-any.whl (18 kB)
Downloading idna-3.6-py3-none-any.whl (61 kB)
Downloading Jinja2-3.1.2-py3-none-any.whl (133 kB)
Downloading libsass-0.22.0-cp37-abi3-win_amd64.whl (880 kB)
   ---------------------------------------- 880.9/880.9 kB 20.0 MB/s  0:00:00
Downloading lxml-5.2.1-cp312-cp312-win_amd64.whl (3.8 MB)
   ---------------------------------------- 3.8/3.8 MB 75.6 MB/s  0:00:00
Downloading MarkupSafe-2.1.5-cp312-cp312-win_amd64.whl (17 kB)
Downloading num2words-0.5.13-py3-none-any.whl (143 kB)
Downloading openpyxl-3.1.2-py2.py3-none-any.whl (249 kB)
Downloading passlib-1.7.4-py2.py3-none-any.whl (525 kB)
   ---------------------------------------- 525.6/525.6 kB 16.5 MB/s  0:00:00
Downloading pillow-10.2.0-cp312-cp312-win_amd64.whl (2.6 MB)
   ---------------------------------------- 2.6/2.6 MB 73.7 MB/s  0:00:00
Downloading polib-1.1.1-py2.py3-none-any.whl (20 kB)
Downloading psutil-5.9.8-cp37-abi3-win_amd64.whl (255 kB)
Downloading psycopg2-2.9.9-cp312-cp312-win_amd64.whl (1.2 MB)
   ---------------------------------------- 1.2/1.2 MB 56.4 MB/s  0:00:00
Downloading pyOpenSSL-24.1.0-py3-none-any.whl (56 kB)
Downloading pypdf2-2.12.1-py3-none-any.whl (222 kB)
Downloading pyserial-3.5-py2.py3-none-any.whl (90 kB)
Downloading python_dateutil-2.8.2-py2.py3-none-any.whl (247 kB)
Downloading python_stdnum-1.19-py2.py3-none-any.whl (1.0 MB)
   ---------------------------------------- 1.0/1.0 MB 49.6 MB/s  0:00:00
Downloading pyusb-1.2.1-py3-none-any.whl (58 kB)
Downloading qrcode-7.4.2-py3-none-any.whl (46 kB)
Downloading reportlab-4.1.0-py3-none-any.whl (1.9 MB)
   ---------------------------------------- 1.9/1.9 MB 54.2 MB/s  0:00:00
Downloading requests-2.31.0-py3-none-any.whl (62 kB)
Downloading urllib3-2.0.7-py3-none-any.whl (124 kB)
Downloading rl_renderPM-4.0.3-cp312-cp312-win_amd64.whl (385 kB)
Downloading werkzeug-3.0.1-py3-none-any.whl (226 kB)
Downloading xlrd-2.0.1-py2.py3-none-any.whl (96 kB)
Downloading XlsxWriter-3.1.9-py3-none-any.whl (154 kB)
Downloading xlwt-1.3.0-py2.py3-none-any.whl (99 kB)
Downloading zeep-4.2.1-py3-none-any.whl (101 kB)
Downloading charset_normalizer-3.5.1-cp312-cp312-win_amd64.whl (200 kB)
Downloading lxml_html_clean-0.4.4-py3-none-any.whl (14 kB)
Downloading pypiwin32-223-py3-none-any.whl (1.7 kB)
Downloading pytz-2026.3.post1-py2.py3-none-any.whl (508 kB)
Downloading attrs-26.1.0-py3-none-any.whl (67 kB)
Downloading certifi-2026.7.22-py3-none-any.whl (136 kB)
Downloading cffi-2.1.1-cp312-cp312-win_amd64.whl (185 kB)
Downloading isodate-0.7.2-py3-none-any.whl (22 kB)
Downloading maxminddb-3.1.1-cp312-cp312-win_amd64.whl (37 kB)
Downloading platformdirs-4.11.7-py3-none-any.whl (23 kB)
Downloading pywin32-312-cp312-cp312-win_amd64.whl (6.9 MB)
   ---------------------------------------- 6.9/6.9 MB 105.6 MB/s  0:00:00
Downloading requests_file-3.0.1-py2.py3-none-any.whl (4.5 kB)
Downloading requests_toolbelt-1.0.0-py2.py3-none-any.whl (54 kB)
Using cached six-1.17.0-py2.py3-none-any.whl (11 kB)
Downloading beautifulsoup4-4.15.0-py3-none-any.whl (109 kB)
Downloading soupsieve-2.9.2-py3-none-any.whl (37 kB)
Downloading typing_extensions-4.16.0-py3-none-any.whl (45 kB)
Using cached colorama-0.4.6-py2.py3-none-any.whl (25 kB)
Downloading et_xmlfile-2.0.0-py3-none-any.whl (18 kB)
Downloading pycparser-3.0-py3-none-any.whl (48 kB)
Downloading pypng-0.20220715.0-py3-none-any.whl (58 kB)
Building wheels for collected packages: ofxparse, rjsmin, vobject, docopt
  Building wheel for ofxparse (pyproject.toml): started
  Building wheel for ofxparse (pyproject.toml): finished with status 'done'
  Created wheel for ofxparse: filename=ofxparse-0.21-py3-none-any.whl size=35441 sha256=4aa419c721b52a6f71ed8d63a3d23c3a91f547064dd6c3448dec66d9b604c7a3
  Stored in directory: c:\users\usuario\appdata\local\packages\pythonsoftwarefoundation.python.3.12_qbz5n2kfra8p0\localcache\local\pip\cache\wheels\fa\b9\74\fddaedbeedab03989516f7c3f13fdae69856160288679f102f
  Building wheel for rjsmin (pyproject.toml): started
  Building wheel for rjsmin (pyproject.toml): finished with status 'done'
  Created wheel for rjsmin: filename=rjsmin-1.2.0-py3-none-any.whl size=12533 sha256=5a864a94821fbeb24f68bae9a83d5a4dc3173f1e9f052a4c715488867976ae17
  Stored in directory: c:\users\usuario\appdata\local\packages\pythonsoftwarefoundation.python.3.12_qbz5n2kfra8p0\localcache\local\pip\cache\wheels\36\c3\55\f579b947368d812ea6b2e0dbd9134d3c78c1d7b892640c896b
  Building wheel for vobject (pyproject.toml): started
  Building wheel for vobject (pyproject.toml): finished with status 'done'
  Created wheel for vobject: filename=vobject-0.9.6.1-py3-none-any.whl size=47571 sha256=10d90e9370775a4e7cbbf4178275e9141459f50f217cb9634133b8416536def9
  Stored in directory: c:\users\usuario\appdata\local\packages\pythonsoftwarefoundation.python.3.12_qbz5n2kfra8p0\localcache\local\pip\cache\wheels\4c\04\1b\8f3080b6086b78a723aee61095a625347ddabc573ab1c293bc
  Building wheel for docopt (pyproject.toml): started
  Building wheel for docopt (pyproject.toml): finished with status 'done'
  Created wheel for docopt: filename=docopt-0.6.2-py2.py3-none-any.whl size=13858 sha256=d505c43929ba5b9cbf0542333e067ffe77f8c1a64d9fd03c033fb9004dbac0e5
  Stored in directory: c:\users\usuario\appdata\local\packages\pythonsoftwarefoundation.python.3.12_qbz5n2kfra8p0\localcache\local\pip\cache\wheels\1a\bf\a1\4cee4f7678c68c5875ca89eaccf460593539805c3906722228
Successfully built ofxparse rjsmin vobject docopt
Installing collected packages: xlwt, rjsmin, pytz, python-stdnum, pyserial, pypng, polib, passlib, docopt, asn1crypto, XlsxWriter, xlrd, urllib3, typing-extensions, soupsieve, six, rl-renderPM, pywin32, pyusb, PyPDF2, pycparser, psycopg2, psutil, platformdirs, Pillow, num2words, maxminddb, MarkupSafe, lxml, libsass, isodate, idna, et-xmlfile, docutils, decorator, colorama, charset-normalizer, chardet, certifi, cbor2, Babel, attrs, Werkzeug, requests, reportlab, qrcode, python-dateutil, pypiwin32, openpyxl, lxml-html-clean, Jinja2, cffi, beautifulsoup4, vobject, requests-toolbelt, requests-file, ofxparse, geoip2, freezegun, cryptography, zeep, pyopenssl

Successfully installed Babel-2.10.3 Jinja2-3.1.2 MarkupSafe-2.1.5 Pillow-10.2.0 PyPDF2-2.12.1 Werkzeug-3.0.1 XlsxWriter-3.1.9 asn1crypto-1.5.1 attrs-26.1.0 beautifulsoup4-4.15.0 cbor2-5.6.2 certifi-2026.7.22 cffi-2.1.1 chardet-5.2.0 charset-normalizer-3.5.1 colorama-0.4.6 cryptography-42.0.8 decorator-5.1.1 docopt-0.6.2 docutils-0.20.1 et-xmlfile-2.0.0 freezegun-1.2.1 geoip2-2.9.0 idna-3.6 isodate-0.7.2 libsass-0.22.0 lxml-5.2.1 lxml-html-clean-0.4.4 maxminddb-3.1.1 num2words-0.5.13 ofxparse-0.21 openpyxl-3.1.2 passlib-1.7.4 platformdirs-4.11.7 polib-1.1.1 psutil-5.9.8 psycopg2-2.9.9 pycparser-3.0 pyopenssl-24.1.0 pypiwin32-223 pypng-0.20220715.0 pyserial-3.5 python-dateutil-2.8.2 python-stdnum-1.19 pytz-2026.3.post1 pyusb-1.2.1 pywin32-312 qrcode-7.4.2 reportlab-4.1.0 requests-2.31.0 requests-file-3.0.1 requests-toolbelt-1.0.0 rjsmin-1.2.0 rl-renderPM-4.0.3 six-1.17.0 soupsieve-2.9.2 typing-extensions-4.16.0 urllib3-2.0.7 vobject-0.9.6.1 xlrd-2.0.1 xlwt-1.3.0 zeep-4.2.1
